-- ----------------------------------------
-- Laws found/not found
-- ----------------------------------------
Dir Exists : US/US-AK/ALASKA_STATUTES                                    : US/US-AK/sdc-alaska-statutes.xml
Dir Exists : US/US-AL/CODE_OF_ALABAMA                                    : US/US-AL/sdc-code-of-alabama.xml
Dir Exists : US/US-AZ/ARIZONA_ADMINISTRATIVE_CODE                        : US/US-AZ/sdc-arizona-administrative-code.xml
Dir Exists : US/US-CA/CALIFORNIA_STATUTORY_CODE                          : US/US-CA/sdc-california-statutory-code.xml
Dir Exists : US/US-DE/DELAWARE_CODE                                      : US/US-DE/SDC-delaware-code.xml
Dir Exists : US/US-FL/FLORIDA_STATUTES                                   : US/US-FL/sdc-florida-statutes.xml
Dir Exists : US/US-GA/CODE_OF_GEORGIA                                    : US/US-GA/sdc-code-of-georgia.xml
Dir Exists : US/US-IA/IOWA_CODE                                          : US/US-IA/SDC-iowa-code.xml
Dir Exists : US/US-ID/IDAHO_STATUTES                                     : US/US-ID/sdc-idaho-statutes.xml
Dir Exists : US/US-IN/INDIANA_CODE                                       : US/US-IN/sdc-indiana-code.xml
Dir Exists : US/US-KS/KANSAS_ADMINISTRATIVE_REGULATIONS                  : US/US-KS/sdc-kansas-administrative-regulations.xml
Dir Exists : US/US-KS/KANSAS_STATUTES                                    : US/US-KS/sdc-kansas-statutes.xml
Dir Exists : US/US-LA/LOUISIANA_ADMINISTRATIVE_CODE                      : US/US-LA/sdc-louisiana-administrative-code.xml
Dir Exists : US/US-MD/MARYLAND_STATUTES                                  : US/US-MD/sdc-maryland-statutes.xml
Dir Exists : US/US-MI/MICHIGAN_ADMINISTRATIVE_CODE                       : US/US-MI/sdc-michigan-administrative-code.xml
Dir Exists : US/US-MN/MINNESOTA_STATUTES                                 : US/US-MN/sdc-minnesota-statutes.xml
Dir Exists : US/US-MO/MISSOURI_CODE_OF_STATE_REGULATIONS                 : US/US-MO/sdc-missouri-code-of-state-regulations.xml
Dir Exists : US/US-MS/MISSISSIPPI_CODE                                   : US/US-MS/sdc-mississippi-code.xml
Dir Exists : US/US-MT/MONTANA_ADMINISTRATIVE_RULES                       : US/US-MT/sdc-montana-administrative-rules.xml
Dir Exists : US/US-NC/NORTH_CAROLINA_ADMINISTRATIVE_CODE                 : US/US-NC/sdc-north-carolina-administrative-code.xml
Dir Exists : US/US-ND/NORTH_DAKOTA_CENTURY_CODE                          : US/US-ND/sdc-north-dakota-century-code.xml
Dir Exists : US/US-NM/NEW_MEXICO_RULES                                   : US/US-NM/sdc-new-mexico-rules.xml
Dir Exists : US/US-NM/NEW_MEXICO_STATUTES                                : US/US-NM/sdc-new-mexico-statutes.xml
Dir Exists : US/US-PA/PENNSYLVANIA_CONSOLIDATED_STATUTES                 : US/US-PA/sdc-pennsylvania-consolidated-statutes.xml
Dir Exists : US/US-SC/SOUTH_CAROLINA_CODE_OF_LAWS                        : US/US-SC/sdc-south-carolina-code-of-laws.xml
Dir Exists : US/US-TX/TEXAS_STATUTES                                     : US/US-TX/sdc-texas-statutes.xml
Dir Exists : US/US-UT/UTAH_ADMINISTRATIVE_CODE                           : US/US-UT/sdc-utah-administrative-code.xml
Dir Exists : US/US-UT/UTAH_CODE                                          : US/US-UT/sdc-utah-code.xml
Dir Exists : US/US-VA/VIRGINIA_CODE                                      : US/US-VA/sdc-virginia-code.xml
Dir Exists : US/US-VT/VERMONT_STATUTES                                   : US/US-VT/sdc-vermont-statutes.xml
Dir Exists : US/US-WA/WASHINGTON_ADMINISTRATIVE_CODE                     : US/US-WA/sdc-washington-administrative-code.xml
Dir Exists : US/US-WI/WISCONSIN_STATUTES                                 : US/US-WI/sdc-wisconsin-statutes.xml
Dir Exists : US/US/CFTC_STAFF_LETTERS                                    : US/US/sdc-cftc-staff-letters.xml
Dir Exists : US/US/CME_RULEBOOK                                          : US/US/sdc-cme-rulebook.xml
Dir Exists : US/US/FFIEC_IT_HANDBOOK                                     : US/US/sdc-ffiec-it-handbook.xml
Dir Exists : US/US/FINRA_NOTICES                                         : US/US/sdc-finra-notices.xml
Dir Exists : US/US/FINRA_RULES                                           : US/US/sdc-finra-rules.xml
Dir Exists : US/US/GPO_PUBLIC_LAWS                                       : US/US/sdc-gpo-public-laws.xml
Dir Exists : US/US/NASD_RULES                                            : US/US/sdc-nasd-rules.xml
Dir Exists : US/US/NFA_NOTICES                                           : US/US/sdc-nfa-notices.xml
Dir Exists : US/US/NFA_RULEBOOK                                          : US/US/sdc-nfa-rulebook.xml
Dir Exists : US/US/NYSE_RULES                                            : US/US/sdc-nyse-rules.xml
Dir Exists : US/US/SEC_CDI                                               : US/US/sdc-sec-cdi.xml
Dir Exists : US/US/SEC_FINAL_RULES                                       : US/US/sdc-sec-final-rules.xml
-- ----------------------------------------
Not Exists : US/CA/CALIFORNIA_CODE_OF_REGULATIONS                        : US/CA/sdc-california-code-of-regulations.xml
Not Exists : US/NY/NEW_YORK_ADMIN_CODE                                   : US/NY/sdc-new-york-admin-code.xml
Not Exists : US/US-AK/ALASKA_ADMIN_CODE                                  : US/US-AK/sdc-alaska-admin-code.xml
Not Exists : US/US-AL/ALABAMA_ADMINISTRATIVE_CODE                        : US/US-AL/sdc-alabama-administrative-code.xml
Not Exists : US/US-AZ/ARIZONA_REVISED_STATUTES                           : US/US-AZ/sdc-arizona-revised-statutes.xml
Not Exists : US/US-CA/CALIFORNIA_CODE_OF_REGULATIONS                     : US/US-CA/SDC-california-code-of-regulations.xml
Not Exists : US/US-CA/CALIFORNIA_STATUTORY_CODE_ALTERNATIVE              : US/US-CA/sdc-california-statutory-code-alternative.xml
Not Exists : US/US-CA/CALIFORNIA_STATUTORY_CODE_ALTERNATIVE2             : US/US-CA/sdc-california-statutory-code-alternative2.xml
Not Exists : US/US-CO/COLORADO_REVISED_STATUTES                          : US/US-CO/sdc-colorado-revised-statutes.xml
Not Exists : US/US-CO/COLO_ADMIN_CODE                                    : US/US-CO/sdc-colo-admin-code.xml
Not Exists : US/US-CT/CONNECTICUT_CODE                                   : US/US-CT/sdc-connecticut-code.xml
Not Exists : US/US-CT/CONNECTICUT_REVISED_STATUTES                       : US/US-CT/sdc-connecticut-revised-statutes.xml
Not Exists : US/US-DC/DISTRICT_OF_COLUMBIA_CODE                          : US/US-DC/sdc-district-of-columbia-code.xml
Not Exists : US/US-DE/DELAWARE_ADMINISTRATIVE_CODE                       : US/US-DE/sdc-delaware-administrative-code.xml
Not Exists : US/US-HI/HAWAII_ADMINISTRATIVE_RULES                        : US/US-HI/sdc-hawaii-administrative-rules.xml
Not Exists : US/US-HI/HAWAII_STATUTES                                    : US/US-HI/sdc-hawaii-statutes.xml
Not Exists : US/US-IA/IOWA_ADMIN_CODE                                    : US/US-IA/sdc-iowa-admin-code.xml
Not Exists : US/US-ID/IDAHO_ADMINISTRATIVE_CODE                          : US/US-ID/sdc-idaho-administrative-code.xml
Not Exists : US/US-IL/CHICAGO_MUNICIPAL_CODE                             : US/US-IL/sdc-chicago-municipal-code.xml
Not Exists : US/US-IL/CODE_OF_ORDINANCES_OF_COOK_COUNTY                  : US/US-IL/sdc-code-of-ordinances-of-cook-county.xml
Not Exists : US/US-IL/ILLINOIS_ADMIN_CODE                                : US/US-IL/sdc-illinois-admin-code.xml
Not Exists : US/US-IL/ILLINOIS_COMPILED_STATUTES                         : US/US-IL/sdc-illinois-compiled-statutes.xml
Not Exists : US/US-IN/INDIANA_ADMIN_CODE                                 : US/US-IN/sdc-indiana-admin-code.xml
Not Exists : US/US-KY/KENTUCKY_ADMIN_REGS                                : US/US-KY/sdc-kentucky-admin-regs.xml
Not Exists : US/US-KY/KENTUCKY_REVISED_STATUTES                          : US/US-KY/sdc-kentucky-revised-statutes.xml
Not Exists : US/US-LA/LOUISIANA_STATUTES                                 : US/US-LA/sdc-louisiana-statutes.xml
Not Exists : US/US-MA/MASSACHUSETTS_CODE_OF_REGULATIONS                  : US/US-MA/sdc-massachusetts-code-of-regulations.xml
Not Exists : US/US-MA/MASSACHUSETTS_GENERAL_LAWS                         : US/US-MA/sdc-massachusetts-general-laws.xml
Not Exists : US/US-MD/MARYLAND_CODE                                      : US/US-MD/sdc-maryland-code.xml
Not Exists : US/US-ME/MAINE_ADMIN_CODE                                   : US/US-ME/sdc-maine-admin-code.xml
Not Exists : US/US-ME/MAINE_REVISED_STATUTES                             : US/US-ME/sdc-maine-revised-statutes.xml
Not Exists : US/US-MN/MINNESOTA_RULES                                    : US/US-MN/sdc-minnesota-rules.xml
Not Exists : US/US-MS/MISSISSIPPI_ADMINISTRATIVE_CODE                    : US/US-MS/sdc-mississippi-administrative-code.xml
Not Exists : US/US-MT/MONTANA_CODE                                       : US/US-MT/sdc-montana-code.xml
Not Exists : US/US-NC/NORTH_CAROLINA_STATUTES                            : US/US-NC/sdc-north-carolina-statutes.xml
Not Exists : US/US-ND/ND_ADMIN_CODE                                      : US/US-ND/sdc-nd-admin-code.xml
Not Exists : US/US-NE/NEBRASKA_REVISED_STATUTES                          : US/US-NE/sdc-nebraska-revised-statutes.xml
Not Exists : US/US-NE/NEBRASKA_UCC                                       : US/US-NE/sdc-nebraska-ucc.xml
Not Exists : US/US-NH/NEW_HAMPSHIRE_ADMINISTRATIVE_RULES                 : US/US-NH/sdc-new-hampshire-administrative-rules.xml
Not Exists : US/US-NH/NEW_HAMPSHIRE_REVISED_STATUTES                     : US/US-NH/sdc-new-hampshire-revised-statutes.xml
Not Exists : US/US-NJ/NEW_JERSEY_REVISED_STATUTES                        : US/US-NJ/sdc-new-jersey-revised-statutes.xml
Not Exists : US/US-NV/NEVADA_ADMIN_CODE                                  : US/US-NV/sdc-nevada-admin-code.xml
Not Exists : US/US-NV/NEVADA_REVISED_STATUTES                            : US/US-NV/sdc-nevada-revised-statutes.xml
Not Exists : US/US-NY/NEW_YORK_LAWS                                      : US/US-NY/sdc-new-york-laws.xml
Not Exists : US/US-NY/NY_ADMIN_CODE                                      : US/US-NY/sdc-ny-admin-code.xml
Not Exists : US/US-OH/OHIO_ADMIN_CODE                                    : US/US-OH/sdc-ohio-admin-code.xml
Not Exists : US/US-OH/OHIO_STATUTES                                      : US/US-OH/sdc-ohio-statutes.xml
Not Exists : US/US-OK/OKLAHOMA_ADMINISTRATIVE_CODE                       : US/US-OK/sdc-oklahoma-administrative-code.xml
Not Exists : US/US-OR/OREGON_ADMINISTRATIVE_RULES                        : US/US-OR/sdc-oregon-administrative-rules.xml
Not Exists : US/US-OR/OREGON_STATUTES                                    : US/US-OR/sdc-oregon-statutes.xml
Not Exists : US/US-PA/PENN_ADMIN_CODE                                    : US/US-PA/sdc-penn-admin-code.xml
Not Exists : US/US-RI/RHODE_ISLAND_CODE_OF_REGULATIONS1                  : US/US-RI/sdc-rhode-island-code-of-regulations1.xml
Not Exists : US/US-RI/RI_STATUTES                                        : US/US-RI/sdc-ri-statutes.xml
Not Exists : US/US-SC/SOUTH_CAROLINA_CODE_OF_REGULATIONS                 : US/US-SC/sdc-south-carolina-code-of-regulations.xml
Not Exists : US/US-SC/SOUTH_CAROLINA_RATIFICATIONS_AND_ACTS              : US/US-SC/sdc-south-carolina-ratifications-and-acts.xml
Not Exists : US/US-SD/SD_ADMIN_CODE                                      : US/US-SD/sdc-sd-admin-code.xml
Not Exists : US/US-SD/SD_STATUTES                                        : US/US-SD/sdc-sd-statutes.xml
Not Exists : US/US-TN/TENNESSEE_RULES_AND_REGULATIONS                    : US/US-TN/sdc-tennessee-rules-and-regulations.xml
Not Exists : US/US-TX/TEXAS_ADMIN_CODE                                   : US/US-TX/sdc-texas-admin-code.xml
Not Exists : US/US-VA/VIRGINIA_ADMIN_CODE                                : US/US-VA/sdc-virginia-admin-code.xml
Not Exists : US/US-VT/ADMIN_CODE_OF_VERMONT                              : US/US-VT/sdc-admin-code-of-vermont.xml
Not Exists : US/US-WA/REVISED_CODE_OF_WASHINGTON                         : US/US-WA/sdc-revised-code-of-washington.xml
Not Exists : US/US-WI/WISC_ADMIN_CODE                                    : US/US-WI/sdc-wisc-admin-code.xml
Not Exists : US/US-WV/WEST_VIRGINIA_CODE                                 : US/US-WV/SDC-west-virginia-code.xml
Not Exists : US/US-WY/WYOMING_ADMINISTRATIVE_RULES                       : US/US-WY/sdc-wyoming-administrative-rules.xml
Not Exists : US/US-WY/WYOMING_REVISED_STATUTES                           : US/US-WY/sdc-wyoming-revised-statutes.xml
Not Exists : US/US/BASEL_COMMITTEE_COORDINATION_BULLETINS                : US/US/sdc-basel-committee-coordination-bulletins.xml
Not Exists : US/US/BHC_SUPERVISION_MANUAL                                : US/US/sdc-bhc-supervision-manual.xml
Not Exists : US/US/CFPB_GUIDANCE                                         : US/US/sdc-cfpb-guidance.xml
Not Exists : US/US/CODE_OF_FEDERAL_REGULATION                            : US/US/sdc-code-of-federal-regulation.xml
Not Exists : US/US/FDIC_FIN_INS_LETTERS                                  : US/US/sdc-fdic-fin-ins-letters.xml
Not Exists : US/US/FED_RES_SR_LETTERS                                    : US/US/sdc-fed-res-sr-letters.xml
Not Exists : US/US/INTERNAL_REVENUE_BULLETINS                            : US/US/sdc-internal-revenue-bulletins.xml
Not Exists : US/US/OCC_ADVISORY_LETTERS                                  : US/US/sdc-occ-advisory-letters.xml
Not Exists : US/US/US_CODE                                               : US/US/sdc-us-code.xml
Not Exists : US/US/US_OCC_BULLETINS                                      : US/US/sdc-US-OCC-BULLETINS.xml
-- ----------------------------------------
